src/interfaces/commonInterface/IBaseRepository.ts(7,26): error TS2694: Namespace '"mongoose"' has no exported member 'FilterQuery'.
src/interfaces/commonInterface/IBaseRepository.ts(8,28): error TS2694: Namespace '"mongoose"' has no exported member 'FilterQuery'.
src/repositories/BaseRepository.ts(25,31): error TS2694: Namespace '"mongoose"' has no exported member 'FilterQuery'.
src/repositories/BaseRepository.ts(29,34): error TS2694: Namespace '"mongoose"' has no exported member 'FilterQuery'.
